ID	17_downstream
17	17
46	17
19	17
4	17
40	17
18	17
26	17
