ID	1_upstream
1	1
44	1
2	1
45	1
34	1
32	1
30	1
29	1
33	1
31	1
