ID_4	17_stream	3_stream	13_stream	
3		3		
4	17	3	13	
5		3		
6		3		
40	17			
13			13	
46	17	3		
17	17			
18	17			
19	17			
20		3	13	
22		3	13	
23		3	13	
24		3	13	
26	17	3	13	
27		3	13	
28		3	13	
