ID_2	1_stream	
32	1	
1	1	
33	1	
2	1	
34	1	
44	1	
45	1	
29	1	
30	1	
31	1	
