nodeID	13_to_26
13	13_to_26
22	13_to_26
23	13_to_26
24	13_to_26
26	13_to_26
