nodeID	P06213_to_22
3	P06213_to_22
22	P06213_to_22
