nodeID	P06213_to_26
17	P06213_to_26
46	P06213_to_26
26	P06213_to_26
