nodeID	P06213_to_22
13	P06213_to_22
22	P06213_to_22
