nodeID	Q9UH92-2_to_Q99943
30	Q9UH92-2_to_Q99943
34	Q9UH92-2_to_Q99943
45	Q9UH92-2_to_Q99943
44	Q9UH92-2_to_Q99943
1	Q9UH92-2_to_Q99943
