Shortest Paths Report: 

Path between P06213 and 22 in experiment 0
P06213 (4) is Downstream of 22 (22)
Length of path: 2
Number of molecules: 2
Number of reactions: 0
Number of proteins: 1
Number of measured proteins: 1
Number of phosphorylated proteins: 1
Number of measured phosphorylated proteins: 1
Number of complexes: 1
Number of measured complexes: 1
Path with id's:
(4)-[ID_BELONGS_TO,21]->(3)-[COMPONENT,45]->(22) weight:1.1400000000000001
Path with names:
P06213->[ID_BELONGS_TO](0.52)->phospho-p-2-INSR(28-758)->[COMPONENT](0.62)->Insulin receptor->

Path between P06213 and 22 in experiment 1
P06213 (4) is Downstream of 22 (22)
Length of path: 2
Number of molecules: 2
Number of reactions: 0
Number of proteins: 1
Number of measured proteins: 1
Number of phosphorylated proteins: 1
Number of measured phosphorylated proteins: 1
Number of complexes: 1
Number of measured complexes: 1
Path with id's:
(4)-[ID_BELONGS_TO,21]->(3)-[COMPONENT,45]->(22) weight:1.1400000000000001
Path with names:
P06213->[ID_BELONGS_TO](0.52)->phospho-p-2-INSR(28-758)->[COMPONENT](0.62)->Insulin receptor->